// Jest Snapshot v1, https://goo.gl/fbAQLP

exports[`Mas pruebas en <FirstApp /> Debe hacer match con el snapshot 1`] = `
<div>
  <h1
    data-testid="test-title"
  >
    Titulo para tests con Jest
  </h1>
  <p>
    Default Title
  </p>
  <p>
    Default Title
  </p>
  <p>
    Fernando Sayago
  </p>
</div>
`;
