// Jest Snapshot v1, https://goo.gl/fbAQLP

exports[`Pruebas en <FirstApp /> debe de hacer match con el snapshot 1`] = `
<div>
  <h1
    data-testid="test-title"
  >
    Titulo desde test
  </h1>
  <p>
    Default Title
  </p>
  <p>
    Default Title
  </p>
  <p>
    Fernando Sayago
  </p>
</div>
`;
